/Users/caozhi/SITE/laravel/test.log/Users/caozhi/SITE/laravel/test.log/Users/caozhi/SITE/laravel/test.log/Users/caozhi/SITE/laravel/test.log/Users/caozhi/SITE/laravel/test.log/Users/caozhi/SITE/laravel/test.log